Structure des n┼ôuds:
<h1 class="">
  Text: "Workflows du Projet OutlookLocalAI"
</h1>
<p class="">
  Text: "Ce document mod├⌐lise les interactions et les flux de donn├⌐es de l'agent OutlookLocalAI."
</p>
<h2 class="">
  Text: "1. Workflow Global de l'Application (S├⌐quence)"
</h2>
<p class="">
  Text: "Ce diagramme illustre le flux de traitement d'une commande utilisateur, de l'entr├⌐e CLI jusqu'├á l'ex├⌐cution dans Outlook et la r├⌐ponse finale."
</p>
<pre class="">
  <code class="language-mermaid">
    [MERMAID DETECTED]
    URL: https://mermaid.ink/img/eyJjb2RlIjoic2VxdWVuY2VEaWFncmFtXG4gICAgYWN0b3IgVXNlciBhcyBVdGlsaXNhdGV1clxuICAgIHBhcnRpY2lwYW50IENMSSBhcyBDTEkgKFNwZWN0cmUuQ29uc29sZSlcbiAgICBwYXJ0aWNpcGFudCBPcmNoIGFzIEFnZW50T3JjaGVzdHJhdG9yXG4gICAgcGFydGljaXBhbnQgTExNIGFzIExMTVNlcnZpY2VcbiAgICBwYXJ0aWNpcGFudCBPdXRsb29rIGFzIE91dGxvb2tQcm92aWRlclxuXG4gICAgVXNlci0+PkNMSTogU2Fpc2llIGNvbW1hbmRlIChleDogXCJUcm91dmUgbGUgZGV2aXMgZGUgTWljaGVsXCIpXG4gICAgYWN0aXZhdGUgQ0xJXG4gICAgQ0xJLT4+T3JjaDogUHJvY2Vzc1VzZXJSZXF1ZXN0QXN5bmMoXCJUcm91dmUgbGUgZGV2aXMgZGUgTWljaGVsXCIpXG4gICAgYWN0aXZhdGUgT3JjaFxuICAgIFxuICAgIG5vdGUgcmlnaHQgb2YgT3JjaDogMS4gQ29tcHLDqWhlbnNpb24gKE5MUClcbiAgICBPcmNoLT4+TExNOiBFeHRyYWN0U2VhcmNoQ3JpdGVyaWFBc3luYyhVc2VyUHJvbXB0KVxuICAgIGFjdGl2YXRlIExMTVxuICAgIExMTS0tPj5PcmNoOiBTZWFyY2hDcml0ZXJpYSB7IFNlbmRlcj1cIk1pY2hlbFwiLCBLZXl3b3Jkcz1cIkRldmlzXCIgfVxuICAgIGRlYWN0aXZhdGUgTExNXG5cbiAgICBub3RlIHJpZ2h0IG9mIE9yY2g6IDIuIFJlY2hlcmNoZSBUZWNobmlxdWUgKE91dGxvb2spXG4gICAgT3JjaC0+Pk91dGxvb2s6IFNlYXJjaEVtYWlscyhDcml0ZXJpYSlcbiAgICBhY3RpdmF0ZSBPdXRsb29rXG4gICAgT3V0bG9vay0+Pk91dGxvb2s6IEFwcGxpcXVlciBmaWx0cmVzIERBU0xcbiAgICBPdXRsb29rLS0+Pk9yY2g6IFJldG91cm5lIDE1IEVtYWlsSXRlbXNcbiAgICBkZWFjdGl2YXRlIE91dGxvb2tcblxuICAgIG5vdGUgcmlnaHQgb2YgT3JjaDogMy4gQW5hbHlzZSBTw6ltYW50aXF1ZSAoSUEpXG4gICAgT3JjaC0+PkxMTTogQW5hbHl6ZUVtYWlsQXN5bmMoQm9keSwgXCJFc3QtY2UgdW4gZGV2aXMgP1wiKVxuICAgIGFjdGl2YXRlIExMTVxuICAgIExMTS0tPj5PcmNoOiBSw6lzdWx0YXQgcGVydGluZW50IChUb3AgMylcbiAgICBkZWFjdGl2YXRlIExMTVxuXG4gICAgT3JjaC0tPj5DTEk6IFLDqXBvbnNlIHRleHR1ZWxsZSBmb3JtYXTDqWVcbiAgICBkZWFjdGl2YXRlIE9yY2hcbiAgICBcbiAgICBDTEktPj5Vc2VyOiBBZmZpY2hlIGxlcyByw6lzdWx0YXRzXG4gICAgZGVhY3RpdmF0ZSBDTElcbiIsIm1lcm1haWQiOnsidGhlbWUiOiJkZWZhdWx0In19
    Text: "sequenceDiagram\n    actor User as Utilisateur\n    participant CLI as CLI (Spectre.Console)\n    participant Orch as AgentOrchestrator\n    participant LLM as LLMService\n    participant Outlook as OutlookProvider\n\n    User-&gt;&gt;CLI: Saisie commande (ex: &quot;Trouve le devis de Michel&quot;)\n    activate CLI\n    CLI-&gt;&gt;Orch: ProcessUserRequestAsync(&quot;Trouve le devis de Michel&quot;)\n    activate Orch\n    \n    note right of Orch: 1. Compr├⌐hension (NLP)\n    Orch-&gt;&gt;LLM: ExtractSearchCriteriaAsync(UserPrompt)\n    activate LLM\n    LLM--&gt;&gt;Orch: SearchCriteria { Sender=&quot;Michel&quot;, Keywords=&quot;Devis&quot; }\n    deactivate LLM\n\n    note right of Orch: 2. Recherche Technique (Outlook)\n    Orch-&gt;&gt;Outlook: SearchEmails(Criteria)\n    activate Outlook\n    Outlook-&gt;&gt;Outlook: Appliquer filtres DASL\n    Outlook--&gt;&gt;Orch: Retourne 15 EmailItems\n    deactivate Outlook\n\n    note right of Orch: 3. Analyse S├⌐mantique (IA)\n    Orch-&gt;&gt;LLM: AnalyzeEmailAsync(Body, &quot;Est-ce un devis ?&quot;)\n    activate LLM\n    LLM--&gt;&gt;Orch: R├⌐sultat pertinent (Top 3)\n    deactivate LLM\n\n    Orch--&gt;&gt;CLI: R├⌐ponse textuelle format├⌐e\n    deactivate Orch\n    \n    CLI-&gt;&gt;User: Affiche les r├⌐sultats\n    deactivate CLI\n"
  </code>
</pre>
<h2 class="">
  Text: "2. Strat├⌐gie de Recherche en Entonnoir (Flowchart)"
</h2>
<p class="">
  Text: "Ce diagramme d├⌐taille la logique de filtrage pour optimiser les performances et la pertinence."
</p>
<pre class="">
  <code class="language-mermaid">
    [MERMAID DETECTED]
    URL: https://mermaid.ink/img/eyJjb2RlIjoiZmxvd2NoYXJ0IFREXG4gICAgU3RhcnQoW1JlcXVldGUgVXRpbGlzYXRldXJdKSAtLT4gTkxQW0FuYWx5c2UgTExNXVxuICAgIE5MUCAtLT4gQ3JpdGVyaWF7Q3JpdMOocmVzIElkZW50aWZpw6lzID99XG4gICAgXG4gICAgQ3JpdGVyaWEgLS0gT3VpIC0tPiBGYXN0U2VhcmNoW1JlY2hlcmNoZSBPdXRsb29rIChSZXN0cmljdC9EQVNMKV1cbiAgICBDcml0ZXJpYSAtLSBOb24gLS0+IEZhbGxiYWNrW1NjYW4gSW5ib3ggKDcgZGVybmllcnMgam91cnMpXVxuICAgIFxuICAgIEZhc3RTZWFyY2ggLS0+IFJhd1Jlc3VsdHNbUsOpc3VsdGF0cyBCcnV0cyAoZXg6IDUwIGl0ZW1zKV1cbiAgICBGYWxsYmFjayAtLT4gUmF3UmVzdWx0c1xuICAgIFxuICAgIFJhd1Jlc3VsdHMgLS0+IE1ldGFGaWx0ZXJbRmlsdHJhZ2UgTcOpdGFkb25uw6llc11cbiAgICBNZXRhRmlsdGVyIC0tPiBjYW5kaWRhdGVzW0NhbmRpZGF0cyAoZXg6IDEwIGl0ZW1zKV1cbiAgICBcbiAgICBzdWJncmFwaCBEZWVwQW5hbHlzaXMgW0FuYWx5c2UgQXBwcm9mb25kaWUgTExNXVxuICAgICAgICBjYW5kaWRhdGVzIC0tPiBGZXRjaEJvZHlbTGVjdHVyZSBDb3JwcyBFbWFpbF1cbiAgICAgICAgRmV0Y2hCb2R5IC0tPiBTZW1hbnRpY0NoZWNre1BlcnRpbmVudCA/fVxuICAgIGVuZFxuICAgIFxuICAgIFNlbWFudGljQ2hlY2sgLS0gT3VpIC0tPiBGaW5hbExpc3RbUsOpc3VsdGF0cyBGaW5hdXhdXG4gICAgU2VtYW50aWNDaGVjayAtLSBOb24gLS0+IElnbm9yZVtJZ25vcmVyXVxuICAgIFxuICAgIEZpbmFsTGlzdCAtLT4gUmVzcG9uc2UoW1LDqXBvbnNlIFV0aWxpc2F0ZXVyXSlcbiIsIm1lcm1haWQiOnsidGhlbWUiOiJkZWZhdWx0In19
    Text: "flowchart TD\n    Start([Requete Utilisateur]) --&gt; NLP[Analyse LLM]\n    NLP --&gt; Criteria{Crit├¿res Identifi├⌐s ?}\n    \n    Criteria -- Oui --&gt; FastSearch[Recherche Outlook (Restrict/DASL)]\n    Criteria -- Non --&gt; Fallback[Scan Inbox (7 derniers jours)]\n    \n    FastSearch --&gt; RawResults[R├⌐sultats Bruts (ex: 50 items)]\n    Fallback --&gt; RawResults\n    \n    RawResults --&gt; MetaFilter[Filtrage M├⌐tadonn├⌐es]\n    MetaFilter --&gt; candidates[Candidats (ex: 10 items)]\n    \n    subgraph DeepAnalysis [Analyse Approfondie LLM]\n        candidates --&gt; FetchBody[Lecture Corps Email]\n        FetchBody --&gt; SemanticCheck{Pertinent ?}\n    end\n    \n    SemanticCheck -- Oui --&gt; FinalList[R├⌐sultats Finaux]\n    SemanticCheck -- Non --&gt; Ignore[Ignorer]\n    \n    FinalList --&gt; Response([R├⌐ponse Utilisateur])\n"
  </code>
</pre>
<h2 class="">
  Text: "3. Architecture des Donn├⌐es (Class Diagram)"
</h2>
<p class="">
  Text: "Ce diagramme repr├⌐sente les entit├⌐s principales manipul├⌐es par le c┼ôur de l'application."
</p>
<pre class="">
  <code class="language-mermaid">
    [MERMAID DETECTED]
    URL: https://mermaid.ink/img/eyJjb2RlIjoiY2xhc3NEaWFncmFtXG4gICAgY2xhc3MgRW1haWxJdGVtIHtcbiAgICAgICAgK3N0cmluZyBFbnRyeUlEXG4gICAgICAgICtzdHJpbmcgU3ViamVjdFxuICAgICAgICArc3RyaW5nIFNlbmRlck5hbWVcbiAgICAgICAgK3N0cmluZyBTZW5kZXJFbWFpbEFkZHJlc3NcbiAgICAgICAgK3N0cmluZyBCb2R5XG4gICAgICAgICtEYXRlVGltZSBSZWNlaXZlZFRpbWVcbiAgICAgICAgK2Jvb2wgSGFzQXR0YWNobWVudHNcbiAgICB9XG5cbiAgICBjbGFzcyBTZWFyY2hDcml0ZXJpYSB7XG4gICAgICAgICtEYXRlVGltZT8gRnJvbURhdGVcbiAgICAgICAgK0RhdGVUaW1lPyBUb0RhdGVcbiAgICAgICAgK3N0cmluZyBTZW5kZXJOYW1lQ29udGFpbnNcbiAgICAgICAgK3N0cmluZyBTdWJqZWN0Q29udGFpbnNcbiAgICAgICAgK2Jvb2w/IEhhc0F0dGFjaG1lbnRzXG4gICAgICAgICtpbnQgTWF4UmVzdWx0c1xuICAgIH1cblxuICAgIGNsYXNzIElPdXRsb29rUHJvdmlkZXIge1xuICAgICAgICA8PGludGVyZmFjZT4+XG4gICAgICAgICtFbnN1cmVDb25uZWN0aW9uKClcbiAgICAgICAgK1NlYXJjaEVtYWlscyhTZWFyY2hDcml0ZXJpYSkgSUVudW1lcmFibGV+RW1haWxJdGVtflxuICAgICAgICArR2V0RW1haWwoc3RyaW5nIGVudHJ5SWQpIEVtYWlsSXRlbVxuICAgIH1cblxuICAgIGNsYXNzIElMTE1TZXJ2aWNlIHtcbiAgICAgICAgPDxpbnRlcmZhY2U+PlxuICAgICAgICArRXh0cmFjdFNlYXJjaENyaXRlcmlhQXN5bmMoc3RyaW5nIGlucHV0KSBUYXNrflNlYXJjaENyaXRlcmlhflxuICAgICAgICArQW5hbHl6ZUVtYWlsQXN5bmMoc3RyaW5nIGJvZHksIHN0cmluZyBxdWVyeSkgVGFza35zdHJpbmd+XG4gICAgfVxuXG4gICAgSU91dGxvb2tQcm92aWRlciAuLj4gRW1haWxJdGVtIDogUmV0dXJuc1xuICAgIElPdXRsb29rUHJvdmlkZXIgLi4+IFNlYXJjaENyaXRlcmlhIDogVXNlc1xuIiwibWVybWFpZCI6eyJ0aGVtZSI6ImRlZmF1bHQifX0=
    Text: "classDiagram\n    class EmailItem {\n        +string EntryID\n        +string Subject\n        +string SenderName\n        +string SenderEmailAddress\n        +string Body\n        +DateTime ReceivedTime\n        +bool HasAttachments\n    }\n\n    class SearchCriteria {\n        +DateTime? FromDate\n        +DateTime? ToDate\n        +string SenderNameContains\n        +string SubjectContains\n        +bool? HasAttachments\n        +int MaxResults\n    }\n\n    class IOutlookProvider {\n        &lt;&lt;interface&gt;&gt;\n        +EnsureConnection()\n        +SearchEmails(SearchCriteria) IEnumerable~EmailItem~\n        +GetEmail(string entryId) EmailItem\n    }\n\n    class ILLMService {\n        &lt;&lt;interface&gt;&gt;\n        +ExtractSearchCriteriaAsync(string input) Task~SearchCriteria~\n        +AnalyzeEmailAsync(string body, string query) Task~string~\n    }\n\n    IOutlookProvider ..&gt; EmailItem : Returns\n    IOutlookProvider ..&gt; SearchCriteria : Uses\n"
  </code>
</pre>
